components/app-sidebar.tsx(14,32): error TS2307: Cannot find module '@/components/sidebar-user-nav' or its corresponding type declarations.
components/messages.tsx(65,15): error TS2322: Type '{ addToolApprovalResponse: ChatAddToolApproveResponseFunction; chatId: string; isLoading: boolean; isReadonly: boolean; key: string; message: ChatMessage; regenerate: ({ messageId, ...options }?: ({ ...; } & ChatRequestOptions) | undefined) => Promise<...>; requiresScrollPadding: boolean; setMessages: (messages: Cha...' is not assignable to type 'IntrinsicAttributes & { addToolApprovalResponse: ChatAddToolApproveResponseFunction; chatId: string; message: ChatMessage; ... 4 more ...; isReadonly: boolean; }'.
  Property 'requiresScrollPadding' does not exist on type 'IntrinsicAttributes & { addToolApprovalResponse: ChatAddToolApproveResponseFunction; chatId: string; message: ChatMessage; ... 4 more ...; isReadonly: boolean; }'.
components/sign-out-form.tsx(3,25): error TS2307: Cannot find module '@/app/(auth)/auth' or its corresponding type declarations.
lib/ai/entitlements.ts(1,31): error TS2307: Cannot find module '@/app/(auth)/auth' or its corresponding type declarations.
lib/ai/models.test.ts(3,43): error TS2307: Cannot find module '@/tests/prompts/utils' or its corresponding type declarations.
lib/ai/models.test.ts(11,3): error TS2322: Type '() => Promise<{ finishReason: string; usage: { inputTokens: { total: number; noCache: number; cacheRead: number; cacheWrite: number; }; outputTokens: { total: number; text: number; reasoning: number; }; }; content: { ...; }[]; warnings: never[]; }>' is not assignable to type '((options: LanguageModelV3CallOptions) => PromiseLike<LanguageModelV3GenerateResult>) | LanguageModelV3GenerateResult | LanguageModelV3GenerateResult[] | undefined'.
  Type '() => Promise<{ finishReason: string; usage: { inputTokens: { total: number; noCache: number; cacheRead: number; cacheWrite: number; }; outputTokens: { total: number; text: number; reasoning: number; }; }; content: { ...; }[]; warnings: never[]; }>' is not assignable to type '(options: LanguageModelV3CallOptions) => PromiseLike<LanguageModelV3GenerateResult>'.
    Call signature return types 'Promise<{ finishReason: string; usage: { inputTokens: { total: number; noCache: number; cacheRead: number; cacheWrite: number; }; outputTokens: { total: number; text: number; reasoning: number; }; }; content: { ...; }[]; warnings: never[]; }>' and 'PromiseLike<LanguageModelV3GenerateResult>' are incompatible.
      The types of 'then' are incompatible between these types.
        Type '<TResult1 = { finishReason: string; usage: { inputTokens: { total: number; noCache: number; cacheRead: number; cacheWrite: number; }; outputTokens: { total: number; text: number; reasoning: number; }; }; content: { ...; }[]; warnings: never[]; }, TResult2 = never>(onfulfilled?: ((value: { ...; }) => TResult1 | Promi...' is not assignable to type '<TResult1 = LanguageModelV3GenerateResult, TResult2 = never>(onfulfilled?: ((value: LanguageModelV3GenerateResult) => TResult1 | PromiseLike<...>) | null | undefined, onrejected?: ((reason: any) => TResult2 | PromiseLike<...>) | ... 1 more ... | undefined) => PromiseLike<...>'.
          Types of parameters 'onfulfilled' and 'onfulfilled' are incompatible.
            Types of parameters 'value' and 'value' are incompatible.
              Type '{ finishReason: string; usage: { inputTokens: { total: number; noCache: number; cacheRead: number; cacheWrite: number; }; outputTokens: { total: number; text: number; reasoning: number; }; }; content: { ...; }[]; warnings: never[]; }' is not assignable to type 'LanguageModelV3GenerateResult'.
                Types of property 'finishReason' are incompatible.
                  Type 'string' is not assignable to type 'LanguageModelV3FinishReason'.
lib/ai/models.test.ts(27,3): error TS2322: Type '() => Promise<{ finishReason: string; usage: { inputTokens: { total: number; noCache: number; cacheRead: number; cacheWrite: number; }; outputTokens: { total: number; text: number; reasoning: number; }; }; content: { ...; }[]; warnings: never[]; }>' is not assignable to type '((options: LanguageModelV3CallOptions) => PromiseLike<LanguageModelV3GenerateResult>) | LanguageModelV3GenerateResult | LanguageModelV3GenerateResult[] | undefined'.
  Type '() => Promise<{ finishReason: string; usage: { inputTokens: { total: number; noCache: number; cacheRead: number; cacheWrite: number; }; outputTokens: { total: number; text: number; reasoning: number; }; }; content: { ...; }[]; warnings: never[]; }>' is not assignable to type '(options: LanguageModelV3CallOptions) => PromiseLike<LanguageModelV3GenerateResult>'.
    Call signature return types 'Promise<{ finishReason: string; usage: { inputTokens: { total: number; noCache: number; cacheRead: number; cacheWrite: number; }; outputTokens: { total: number; text: number; reasoning: number; }; }; content: { ...; }[]; warnings: never[]; }>' and 'PromiseLike<LanguageModelV3GenerateResult>' are incompatible.
      The types of 'then' are incompatible between these types.
        Type '<TResult1 = { finishReason: string; usage: { inputTokens: { total: number; noCache: number; cacheRead: number; cacheWrite: number; }; outputTokens: { total: number; text: number; reasoning: number; }; }; content: { ...; }[]; warnings: never[]; }, TResult2 = never>(onfulfilled?: ((value: { ...; }) => TResult1 | Promi...' is not assignable to type '<TResult1 = LanguageModelV3GenerateResult, TResult2 = never>(onfulfilled?: ((value: LanguageModelV3GenerateResult) => TResult1 | PromiseLike<...>) | null | undefined, onrejected?: ((reason: any) => TResult2 | PromiseLike<...>) | ... 1 more ... | undefined) => PromiseLike<...>'.
          Types of parameters 'onfulfilled' and 'onfulfilled' are incompatible.
            Types of parameters 'value' and 'value' are incompatible.
              Type '{ finishReason: string; usage: { inputTokens: { total: number; noCache: number; cacheRead: number; cacheWrite: number; }; outputTokens: { total: number; text: number; reasoning: number; }; }; content: { ...; }[]; warnings: never[]; }' is not assignable to type 'LanguageModelV3GenerateResult'.
                Types of property 'finishReason' are incompatible.
                  Type 'string' is not assignable to type 'LanguageModelV3FinishReason'.
lib/ai/models.test.ts(43,3): error TS2322: Type '() => Promise<{ finishReason: string; usage: { inputTokens: { total: number; noCache: number; cacheRead: number; cacheWrite: number; }; outputTokens: { total: number; text: number; reasoning: number; }; }; content: { ...; }[]; warnings: never[]; }>' is not assignable to type '((options: LanguageModelV3CallOptions) => PromiseLike<LanguageModelV3GenerateResult>) | LanguageModelV3GenerateResult | LanguageModelV3GenerateResult[] | undefined'.
  Type '() => Promise<{ finishReason: string; usage: { inputTokens: { total: number; noCache: number; cacheRead: number; cacheWrite: number; }; outputTokens: { total: number; text: number; reasoning: number; }; }; content: { ...; }[]; warnings: never[]; }>' is not assignable to type '(options: LanguageModelV3CallOptions) => PromiseLike<LanguageModelV3GenerateResult>'.
    Call signature return types 'Promise<{ finishReason: string; usage: { inputTokens: { total: number; noCache: number; cacheRead: number; cacheWrite: number; }; outputTokens: { total: number; text: number; reasoning: number; }; }; content: { ...; }[]; warnings: never[]; }>' and 'PromiseLike<LanguageModelV3GenerateResult>' are incompatible.
      The types of 'then' are incompatible between these types.
        Type '<TResult1 = { finishReason: string; usage: { inputTokens: { total: number; noCache: number; cacheRead: number; cacheWrite: number; }; outputTokens: { total: number; text: number; reasoning: number; }; }; content: { ...; }[]; warnings: never[]; }, TResult2 = never>(onfulfilled?: ((value: { ...; }) => TResult1 | Promi...' is not assignable to type '<TResult1 = LanguageModelV3GenerateResult, TResult2 = never>(onfulfilled?: ((value: LanguageModelV3GenerateResult) => TResult1 | PromiseLike<...>) | null | undefined, onrejected?: ((reason: any) => TResult2 | PromiseLike<...>) | ... 1 more ... | undefined) => PromiseLike<...>'.
          Types of parameters 'onfulfilled' and 'onfulfilled' are incompatible.
            Types of parameters 'value' and 'value' are incompatible.
              Type '{ finishReason: string; usage: { inputTokens: { total: number; noCache: number; cacheRead: number; cacheWrite: number; }; outputTokens: { total: number; text: number; reasoning: number; }; }; content: { ...; }[]; warnings: never[]; }' is not assignable to type 'LanguageModelV3GenerateResult'.
                Types of property 'finishReason' are incompatible.
                  Type 'string' is not assignable to type 'LanguageModelV3FinishReason'.
lib/ai/models.test.ts(49,3): error TS2322: Type '() => Promise<{ stream: ReadableStream<{ id: string; type: "text-start"; delta?: undefined; finishReason?: undefined; usage?: undefined; } | { id: string; type: "text-delta"; delta: string; finishReason?: undefined; usage?: undefined; } | { ...; } | { ...; }>; }>' is not assignable to type '((options: LanguageModelV3CallOptions) => PromiseLike<LanguageModelV3StreamResult>) | LanguageModelV3StreamResult | LanguageModelV3StreamResult[] | undefined'.
  Type '() => Promise<{ stream: ReadableStream<{ id: string; type: "text-start"; delta?: undefined; finishReason?: undefined; usage?: undefined; } | { id: string; type: "text-delta"; delta: string; finishReason?: undefined; usage?: undefined; } | { ...; } | { ...; }>; }>' is not assignable to type '(options: LanguageModelV3CallOptions) => PromiseLike<LanguageModelV3StreamResult>'.
    Call signature return types 'Promise<{ stream: ReadableStream<{ id: string; type: "text-start"; delta?: undefined; finishReason?: undefined; usage?: undefined; } | { id: string; type: "text-delta"; delta: string; finishReason?: undefined; usage?: undefined; } | { ...; } | { ...; }>; }>' and 'PromiseLike<LanguageModelV3StreamResult>' are incompatible.
      The types of 'then' are incompatible between these types.
        Type '<TResult1 = { stream: ReadableStream<{ id: string; type: "text-start"; delta?: undefined; finishReason?: undefined; usage?: undefined; } | { id: string; type: "text-delta"; delta: string; finishReason?: undefined; usage?: undefined; } | { ...; } | { ...; }>; }, TResult2 = never>(onfulfilled?: ((value: { ...; }) => T...' is not assignable to type '<TResult1 = LanguageModelV3StreamResult, TResult2 = never>(onfulfilled?: ((value: LanguageModelV3StreamResult) => TResult1 | PromiseLike<TResult1>) | null | undefined, onrejected?: ((reason: any) => TResult2 | PromiseLike<...>) | ... 1 more ... | undefined) => PromiseLike<...>'.
          Types of parameters 'onfulfilled' and 'onfulfilled' are incompatible.
            Types of parameters 'value' and 'value' are incompatible.
              Type '{ stream: ReadableStream<{ id: string; type: "text-start"; delta?: undefined; finishReason?: undefined; usage?: undefined; } | { id: string; type: "text-delta"; delta: string; finishReason?: undefined; usage?: undefined; } | { ...; } | { ...; }>; }' is not assignable to type 'LanguageModelV3StreamResult'.
                Types of property 'stream' are incompatible.
                  Type 'ReadableStream<{ id: string; type: "text-start"; delta?: undefined; finishReason?: undefined; usage?: undefined; } | { id: string; type: "text-delta"; delta: string; finishReason?: undefined; usage?: undefined; } | { ...; } | { ...; }>' is not assignable to type 'ReadableStream<LanguageModelV3StreamPart>'.
                    Type '{ id: string; type: "text-start"; delta?: undefined; finishReason?: undefined; usage?: undefined; } | { id: string; type: "text-delta"; delta: string; finishReason?: undefined; usage?: undefined; } | { ...; } | { ...; }' is not assignable to type 'LanguageModelV3StreamPart'.
                      Type '{ type: "finish"; finishReason: string; usage: { inputTokens: { total: number; noCache: number; cacheRead: number; cacheWrite: number; }; outputTokens: { total: number; text: number; reasoning: number; }; }; id?: undefined; delta?: undefined; }' is not assignable to type 'LanguageModelV3StreamPart'.
                        Type '{ type: "finish"; finishReason: string; usage: { inputTokens: { total: number; noCache: number; cacheRead: number; cacheWrite: number; }; outputTokens: { total: number; text: number; reasoning: number; }; }; id?: undefined; delta?: undefined; }' is not assignable to type '{ type: "finish"; usage: LanguageModelV3Usage; finishReason: LanguageModelV3FinishReason; providerMetadata?: SharedV3ProviderMetadata | undefined; }'.
                          Types of property 'finishReason' are incompatible.
                            Type 'string' is not assignable to type 'LanguageModelV3FinishReason'.
lib/ai/models.test.ts(68,3): error TS2322: Type '() => Promise<{ finishReason: string; usage: { inputTokens: { total: number; noCache: number; cacheRead: number; cacheWrite: number; }; outputTokens: { total: number; text: number; reasoning: number; }; }; content: { ...; }[]; warnings: never[]; }>' is not assignable to type '((options: LanguageModelV3CallOptions) => PromiseLike<LanguageModelV3GenerateResult>) | LanguageModelV3GenerateResult | LanguageModelV3GenerateResult[] | undefined'.
  Type '() => Promise<{ finishReason: string; usage: { inputTokens: { total: number; noCache: number; cacheRead: number; cacheWrite: number; }; outputTokens: { total: number; text: number; reasoning: number; }; }; content: { ...; }[]; warnings: never[]; }>' is not assignable to type '(options: LanguageModelV3CallOptions) => PromiseLike<LanguageModelV3GenerateResult>'.
    Call signature return types 'Promise<{ finishReason: string; usage: { inputTokens: { total: number; noCache: number; cacheRead: number; cacheWrite: number; }; outputTokens: { total: number; text: number; reasoning: number; }; }; content: { ...; }[]; warnings: never[]; }>' and 'PromiseLike<LanguageModelV3GenerateResult>' are incompatible.
      The types of 'then' are incompatible between these types.
        Type '<TResult1 = { finishReason: string; usage: { inputTokens: { total: number; noCache: number; cacheRead: number; cacheWrite: number; }; outputTokens: { total: number; text: number; reasoning: number; }; }; content: { ...; }[]; warnings: never[]; }, TResult2 = never>(onfulfilled?: ((value: { ...; }) => TResult1 | Promi...' is not assignable to type '<TResult1 = LanguageModelV3GenerateResult, TResult2 = never>(onfulfilled?: ((value: LanguageModelV3GenerateResult) => TResult1 | PromiseLike<...>) | null | undefined, onrejected?: ((reason: any) => TResult2 | PromiseLike<...>) | ... 1 more ... | undefined) => PromiseLike<...>'.
          Types of parameters 'onfulfilled' and 'onfulfilled' are incompatible.
            Types of parameters 'value' and 'value' are incompatible.
              Type '{ finishReason: string; usage: { inputTokens: { total: number; noCache: number; cacheRead: number; cacheWrite: number; }; outputTokens: { total: number; text: number; reasoning: number; }; }; content: { ...; }[]; warnings: never[]; }' is not assignable to type 'LanguageModelV3GenerateResult'.
                Types of property 'finishReason' are incompatible.
                  Type 'string' is not assignable to type 'LanguageModelV3FinishReason'.
lib/ai/prompts.ts(2,35): error TS2307: Cannot find module '@/components/artifact' or its corresponding type declarations.
